c:\users\aleks\source\repos\tictactoe\tictactoe\x64\debug\vc143.pdb
c:\users\aleks\source\repos\tictactoe\tictactoe\x64\debug\.netframework,version=v4.7.2.assemblyattributes.obj
c:\users\aleks\source\repos\tictactoe\tictactoe\x64\debug\start.obj
c:\users\aleks\source\repos\tictactoe\tictactoe\x64\debug\gamer.obj
c:\users\aleks\source\repos\tictactoe\tictactoe\x64\debug\gamemap.obj
c:\users\aleks\source\repos\tictactoe\tictactoe\x64\debug\game.obj
c:\users\aleks\desktop\x64\debug\tictactoe.exe
c:\users\aleks\desktop\x64\debug\tictactoe.pdb
c:\users\aleks\source\repos\tictactoe\tictactoe\x64\debug\tictactoe.tlog\cl.command.1.tlog
c:\users\aleks\source\repos\tictactoe\tictactoe\x64\debug\tictactoe.tlog\cl.items.tlog
c:\users\aleks\source\repos\tictactoe\tictactoe\x64\debug\tictactoe.tlog\cl.read.1.tlog
c:\users\aleks\source\repos\tictactoe\tictactoe\x64\debug\tictactoe.tlog\cl.write.1.tlog
c:\users\aleks\source\repos\tictactoe\tictactoe\x64\debug\tictactoe.tlog\link.command.1.tlog
c:\users\aleks\source\repos\tictactoe\tictactoe\x64\debug\tictactoe.tlog\link.read.1.tlog
c:\users\aleks\source\repos\tictactoe\tictactoe\x64\debug\tictactoe.tlog\link.secondary.1.tlog
c:\users\aleks\source\repos\tictactoe\tictactoe\x64\debug\tictactoe.tlog\link.write.1.tlog
c:\users\aleks\source\repos\tictactoe\tictactoe\x64\debug\tictactoe.tlog\metagen.read.1.tlog
c:\users\aleks\source\repos\tictactoe\tictactoe\x64\debug\tictactoe.tlog\metagen.write.1.tlog
c:\users\aleks\source\repos\tictactoe\tictactoe\x64\debug\tictactoe.tlog\resgen.command.1.tlog
c:\users\aleks\source\repos\tictactoe\tictactoe\x64\debug\tictactoe.tlog\resgen.read.1.tlog
c:\users\aleks\source\repos\tictactoe\tictactoe\x64\debug\tictactoe.tlog\resgen.write.1.tlog
